alacritty
ark
bash-completion
betterdiscordctl
blueberry
bluez
bluez-tools
bluez-utils
brave-bin
brightnessctl
ca-certificates
catppuccin-gtk-theme
coreutils
discord
docker
docker-compose
dunst
refind
git
github-cli
gnome-keyring
gnome-network-displays-git
gparted
grim
gtk-layer-shell
gtk2
gtk3
gtk4
gvfs
gzip
intel-ucode
jq
lxappearance
nerd-fonts-complete
net-tools
networkmanager-openvpn
nmap
noto-fonts-emoji
ntfs-3g
nvidia-dkms
nvidia-settings
nvidia-utils
nvidia-vaapi-driver-git
obs-studio
openssh
openssl
openvpn
paper-icon-theme
papirus-icon-theme-git
pavucontrol
pipewire
pipewire-alsa
pipewire-jack
pipewire-pulse
playerctl
polkit
polkit-gnome
polkit-qt5
postman-bin
python
qt5
qt5-base
qt5ct
qt6-base
reflector
rofi
slurp
socat
spicetify-cli
spotify
sqlite
sqlitebrowser
starship
swappy
swaybg
swaylock
telegram-desktop
thunar
ttf-adobe-source-fonts
ttf-all-the-icons
ttf-fira-code
ttf-font-awesome-5
ttf-font-icons
ttf-material-design-icons
ttf-opensans
upower
virtualbox
visual-studio-code-bin
wayland
wev
wl-clipboard
wl-color-picker
xdg-desktop-portal
xdg-desktop-portal-wlr-hyprland-git
xdg-utils
xdotool
xf86-input-libinput
xf86-video-fbdev
xf86-video-intel
xorg-xinput
xorg-xkill
xorg-xprop
xorg-xrandr
xorg-xwayland
zenmap
zsh
